Starting extraction test for file: C:/Users/USER/Downloads/11.pdf
[OCR Debug] Starting PDF processing for 11.pdf. Total pages: 4
node : Warning: Invalid resolution 25 dpi. Using 70 instead.
At line:1 char:1
+ node test-extract.js "C:/Users/USER/Downloads/11.pdf" > test_output.l ...
+ ~~~~~~~~~~~~~~~~~~~~~~~~~~~~~~~~~~~~~~~~~~~~~~~~~~~~~~~~~~~~~~~~~~~~~
    + CategoryInfo          : NotSpecified: (Warning: Invali...ing 70 instead.:String) [], RemoteException
    + FullyQualifiedErrorId : NativeCommandError
 
[OCR Debug] Processed page 1 / 4
  - OCR text length: 3883 characters
  - Raw lines detected: 25
  - Final extracted rows: 24
Warning: Invalid resolution 25 dpi. Using 70 instead.
